Authoritative: No, Recursive: Yes, Truncated: No
Question section (1)
  example.com., Type: A, Class: IN
Answer section (1)
  example.com., Type: A, Class: IN, TTL: <number>, Data length: 4, 93.184.216.34
Authority section (0)
Additional section (0)
