Authoritative: No, Recursive: Yes, Truncated: No
Question section (1)
  dns.google.com., Type: A, Class: IN
Answer section (2)
  dns.google.com., Type: A, Class: IN, TTL: <number>, Data length: 4, 8.8.4.4
  dns.google.com., Type: A, Class: IN, TTL: <number>, Data length: 4, 8.8.8.8
Authority section (0)
Additional section (0)