Authoritative: No, Recursive: Yes, Truncated: No
Question section (1)
  8.8.8.8.0.0.0.0.0.0.0.0.0.0.0.0.0.0.0.0.0.6.8.4.0.6.8.4.1.0.0.2.ip6.arpa., Type: PTR, Class: IN
Answer section (1)
  8.8.8.8.0.0.0.0.0.0.0.0.0.0.0.0.0.0.0.0.0.6.8.4.0.6.8.4.1.0.0.2.ip6.arpa., Type: PTR, Class: IN, TTL: <number>, Data length: 12, dns.google.
Authority section (0)
Additional section (0)