Usage: dns [-r] [-x] [-6] -s server [-p port] address