Authoritative: No, Recursive: Yes, Truncated: No
Question section (1)
  8.8.8.8.in-addr.arpa., Type: PTR, Class: IN
Answer section (1)
  8.8.8.8.in-addr.arpa., Type: PTR, Class: IN, TTL: <number>, Data length: 12, dns.google.
Authority section (0)
Additional section (0)