Authoritative: No, Recursive: Yes, Truncated: No
Question section (1)
  90.2.229.147.in-addr.arpa., Type: PTR, Class: IN
Answer section (1)
  90.2.229.147.in-addr.arpa., Type: PTR, Class: IN, TTL: <number>, Data length: 21, piranha.ro.vutbr.cz.
Authority section (0)
Additional section (0)